mode: set
github.com/Choclos15/Pruebas/main.go:3.24,5.2 1 1
github.com/Choclos15/Pruebas/main.go:7.27,8.11 1 1
github.com/Choclos15/Pruebas/main.go:8.11,10.3 1 1
github.com/Choclos15/Pruebas/main.go:11.2,11.10 1 1
